[2026-05-28 20:42:24][INFO][137942759327552] ========== Tiny-Reactor 异步日志系统成功启动 ==========
[2026-05-28 20:42:41][INFO][137657181095744] ========== Tiny-Reactor 异步日志系统成功启动 ==========
[2026-05-28 20:44:06][INFO][127597633820480] ========== Tiny-Reactor 异步日志系统成功启动 ==========
[2026-05-28 20:53:59][INFO][130281231447872] ========== Tiny-Reactor 异步日志系统成功启动 ==========
[2026-05-28 20:54:05][INFO][130281231447872] 成功接受客户端连接，分配 fd: 6
[2026-05-28 20:54:05][INFO][130281231447872] 【主线程】捕获新连接，已托管至 epoll，fd: 6
[2026-05-28 20:57:21][INFO][135048283195200] ========== Tiny-Reactor 异步日志系统成功启动 ==========
[2026-05-28 20:57:24][INFO][135048283195200] 成功接受客户端连接，分配 fd: 6
[2026-05-28 20:57:24][INFO][135048283195200] 【主线程】捕获新连接，已托管至 epoll，fd: 6
[2026-05-28 20:57:28][INFO][135048258397952] 【工作线程】安全解码成功！内容: /chat?msg=hello
[2026-05-28 20:57:28][INFO][135048258397952] 【工作线程】成功投递聊天文本响应。
[2026-05-28 20:57:42][INFO][135048283195200] 【安全防御】检测到僵尸连接超时，正在强制踢人！fd: 6
[2026-05-28 21:00:10][INFO][131472033339200] ========== Tiny-Reactor 异步日志系统成功启动 ==========
[2026-05-28 21:00:16][INFO][131472033339200] 成功接受客户端连接，分配 fd: 6
[2026-05-28 21:00:16][INFO][131472033339200] 【Connection 诞生】封装新 fd: 6
[2026-05-28 21:00:16][INFO][131472033339200] 【主线程】捕获新连接，已托管至 epoll，fd: 6
[2026-05-28 21:00:21][INFO][131472008541952] 【FSM状态机】解析请求行成功! Method: GET, URL: /chat?msg=hello
[2026-05-28 21:00:22][INFO][131472008541952] 【工作线程】安全解码成功！内容: /chat?msg=hello
[2026-05-28 21:00:22][INFO][131472008541952] 【工作线程】成功投递聊天文本响应。
[2026-05-28 21:00:35][INFO][131472033339200] 【主线程】监测到客户端下线，fd: 6
[2026-05-28 21:00:35][INFO][131472033339200] 【主线程】已删除 fd: 6从全局 Map 中解绑。 
[2026-05-28 21:00:35][INFO][131472033339200] 【Connection 析构】引用计数归零！fd 6 释放资源并执行 close()
[2026-05-29 11:29:45][INFO][125967550678848] ========== Tiny-Reactor 异步日志系统成功启动 ==========
[2026-05-29 11:29:45][INFO][125967550678848] ========== MySQL 连接池初始化成功，当前空闲连接数: 0 ==========
[2026-05-29 11:29:59][INFO][125967550678848] 成功接受客户端连接，分配 fd: 6
[2026-05-29 11:29:59][INFO][125967550678848] 【Connection 诞生】封装新 fd: 6
[2026-05-29 11:29:59][INFO][125967550678848] 【主线程】捕获新连接，已托管至 epoll，fd: 6
[2026-05-29 11:30:02][INFO][125967509333760] 【FSM状态机】解析请求行成功! Method: GET, URL: /chat?msg=hello
[2026-05-29 11:30:03][INFO][125967509333760] 【工作线程】安全解码成功！内容: /chat?msg=hello
[2026-05-29 11:30:17][INFO][125967550678848] 【安全防御】检测到僵尸连接超时，正在强制踢人！fd: 6
[2026-05-29 11:36:45][INFO][132640732346176] ========== Tiny-Reactor 异步日志系统成功启动 ==========
[2026-05-29 11:36:45][INFO][132640732346176] ========== MySQL 连接池初始化成功，当前空闲连接数: 0 ==========
[2026-05-29 11:36:48][INFO][132640732346176] 成功接受客户端连接，分配 fd: 6
[2026-05-29 11:36:48][INFO][132640732346176] 【Connection 诞生】封装新 fd: 6
[2026-05-29 11:36:48][INFO][132640732346176] 【主线程】捕获新连接，已托管至 epoll，fd: 6
[2026-05-29 11:36:48][INFO][132640691037952] 【FSM状态机】解析请求行成功! Method: GET, URL: /chat?msg=HelloMySQL
[2026-05-29 11:36:49][INFO][132640691037952] 【工作线程】安全解码成功！内容: /chat?msg=HelloMySQL
[2026-05-29 11:37:03][INFO][132640732346176] 【安全防御】检测到僵尸连接超时，正在强制踢人！fd: 6
[2026-05-29 14:16:32][INFO][126178599085888] ========== Tiny-Reactor 异步日志系统成功启动 ==========
[2026-05-29 14:16:32][INFO][126178599085888] ========== MySQL 连接池初始化成功，当前空闲连接数: 8 ==========
[2026-05-29 14:16:45][INFO][126178599085888] 成功接受客户端连接，分配 fd: 14
[2026-05-29 14:16:45][INFO][126178599085888] 【Connection 诞生】封装新 fd: 14
[2026-05-29 14:16:45][INFO][126178599085888] 【主线程】捕获新连接，已托管至 epoll，fd: 14
[2026-05-29 14:16:48][INFO][126178488743680] 【FSM状态机】解析请求行成功! Method: GET, URL: /chat?msg=hello
[2026-05-29 14:16:48][INFO][126178488743680] 【工作线程】安全解码成功！内容: /chat?msg=hello
[2026-05-29 14:16:48][INFO][126178488743680] 成功将聊天记录持久化写入 MySQL 数据库。
[2026-05-29 14:16:48][INFO][126178488743680] 【工作线程】成功投递聊天文本响应。
[2026-05-29 14:16:53][INFO][126178480350976] 【FSM状态机】解析请求行成功! Method: GET, URL: /chat?msg=hi
[2026-05-29 14:16:53][INFO][126178480350976] 【工作线程】安全解码成功！内容: /chat?msg=hi
[2026-05-29 14:16:53][INFO][126178480350976] 成功将聊天记录持久化写入 MySQL 数据库。
[2026-05-29 14:16:53][INFO][126178480350976] 【工作线程】成功投递聊天文本响应。
[2026-05-29 14:17:03][INFO][126178599085888] 【主线程】监测到客户端下线，fd: 14
[2026-05-29 14:17:03][INFO][126178599085888] 【主线程】已删除 fd: 14从全局 Map 中解绑。 
[2026-05-29 14:17:03][INFO][126178599085888] 【Connection 析构】引用计数归零！fd 14 释放资源并执行 close()
